
   PASS  Tests\Unit\ExampleTest
  Γ£ô that true is true   0.04s  

   FAIL  Tests\Feature\Auth\AuthenticationTest
  Γ£ô login screen can bΓÇª 7.31s  
  Γ¿» users can authentiΓÇª 1.06s  
  Γ£ô users can not authΓÇª 0.21s  
  Γ¿» users with two facΓÇª 0.24s  
  Γ£ô users can logout    0.12s  

   PASS  Tests\Feature\Auth\EmailVerificationTest
  Γ£ô email verificationΓÇª 0.25s  
  Γ£ô email can be verifΓÇª 0.66s  
  Γ£ô email is not verifΓÇª 0.14s  
  Γ£ô already verified uΓÇª 0.18s  

   PASS  Tests\Feature\Auth\PasswordConfirmationTest
  Γ£ô confirm password sΓÇª 0.11s  

   FAIL  Tests\Feature\Auth\PasswordResetTest
  Γ¿» reset password linΓÇª 0.11s  
  Γ¿» reset password linΓÇª 0.07s  
  Γ¿» reset password scrΓÇª 0.18s  
  Γ¿» password can be reΓÇª 0.07s  

   FAIL  Tests\Feature\Auth\RegistrationTest
  Γ¿» registration screeΓÇª 0.07s  
  Γ¿» new users can regiΓÇª 0.13s  

   FAIL  Tests\Feature\Auth\TwoFactorChallengeTest
  Γ£ô two factor challenΓÇª 0.18s  
  Γ¿» two factor challenΓÇª 0.68s  

   PASS  Tests\Feature\DashboardTest
  Γ£ô guests are redirecΓÇª 0.29s  
  Γ£ô authenticated userΓÇª 0.23s  

   FAIL  Tests\Feature\ExampleTest
  Γ¿» returns a successfΓÇª 0.23s  

   PASS  Tests\Feature\Settings\PasswordUpdateTest
  Γ£ô password can be upΓÇª 0.50s  
  Γ£ô correct password mΓÇª 1.62s  

   PASS  Tests\Feature\Settings\ProfileUpdateTest
  Γ£ô profile page is diΓÇª 2.11s  
  Γ£ô profile informatioΓÇª 2.25s  
  Γ£ô email verificationΓÇª 1.71s  
  Γ£ô user can delete thΓÇª 1.75s  
  Γ£ô correct password mΓÇª 0.29s  

   PASS  Tests\Feature\Settings\TwoFactorAuthenticationTest
  Γ£ô two factor settingΓÇª 0.46s  
  Γ£ô two factor settingΓÇª 0.26s  
  Γ£ô two factor settingΓÇª 1.92s  
  Γ£ô two factor authentΓÇª 0.25s  
  ΓöÇΓöÇΓöÇΓöÇΓöÇΓöÇΓöÇΓöÇΓöÇΓöÇΓöÇΓöÇΓöÇΓöÇΓöÇΓöÇΓöÇΓöÇΓöÇΓöÇΓöÇΓöÇΓöÇΓöÇΓöÇΓöÇΓöÇ  
   FAILED  Tests\Feature\AuΓÇª   
  Session has unexpected errors: 

{
    "default": [
        "These credentials do not match our records."
    ]
}
Failed asserting that true is false.

  at tests\Feature\Auth\AuthenticationTest.php:31
     27Γûò             'password' => 'password',
     28Γûò         ]);
     29Γûò 
     30Γûò         $response
  Γ₧£  31Γûò             ->assertSessionHasNoErrors()
     32Γûò             ->assertRedirect(route('dashboard', absolute: false));
     33Γûò 
     34Γûò         $this->assertAuthenticated();
     35Γûò     }

  ΓöÇΓöÇΓöÇΓöÇΓöÇΓöÇΓöÇΓöÇΓöÇΓöÇΓöÇΓöÇΓöÇΓöÇΓöÇΓöÇΓöÇΓöÇΓöÇΓöÇΓöÇΓöÇΓöÇΓöÇΓöÇΓöÇΓöÇ  
   FAILED  Tests\Feature\AuΓÇª   
  Failed asserting that two strings are equal.

The following errors occurred during the last request:

These credentials do not match our records.

--- Expected
+++ Actual
@@ @@
-'http://localhost/two-factor-challenge'
+'http://localhost'

  at tests\Feature\Auth\AuthenticationTest.php:69
     65Γûò             'email' => $user->email,
     66Γûò             'password' => 'password',
     67Γûò         ]);
     68Γûò 
  Γ₧£  69Γûò         $response->assertRedirect(route('two-factor.login'));
     70Γûò         $this->assertGuest();
     71Γûò     }
     72Γûò 
     73Γûò     public function test_users_can_logout(): void

  ΓöÇΓöÇΓöÇΓöÇΓöÇΓöÇΓöÇΓöÇΓöÇΓöÇΓöÇΓöÇΓöÇΓöÇΓöÇΓöÇΓöÇΓöÇΓöÇΓöÇΓöÇΓöÇΓöÇΓöÇΓöÇΓöÇΓöÇ  
  ΓÇª   RouteNotFoundException   
  Route [password.request] not defined.

  at vendor\laravel\framework\src\Illuminate\Routing\UrlGenerator.php:528
    524Γûò             ! is_null($url = call_user_func($this->missingNamedRouteResolver, $name, $parameters, $absolute))) {
    525Γûò             return $url;
    526Γûò         }
    527Γûò 
  Γ₧£ 528Γûò         throw new RouteNotFoundException("Route [{$name}] not defined.");
    529Γûò     }
    530Γûò 
    531Γûò     /**
    532Γûò      * Get the URL for a given route instance.

  1   vendor\laravel\framework\src\Illuminate\Routing\UrlGenerator.php:528
  2   vendor\laravel\framework\src\Illuminate\Foundation\helpers.php:870

  ΓöÇΓöÇΓöÇΓöÇΓöÇΓöÇΓöÇΓöÇΓöÇΓöÇΓöÇΓöÇΓöÇΓöÇΓöÇΓöÇΓöÇΓöÇΓöÇΓöÇΓöÇΓöÇΓöÇΓöÇΓöÇΓöÇΓöÇ  
  ΓÇª   RouteNotFoundException   
  Route [password.request] not defined.

  at vendor\laravel\framework\src\Illuminate\Routing\UrlGenerator.php:528
    524Γûò             ! is_null($url = call_user_func($this->missingNamedRouteResolver, $name, $parameters, $absolute))) {
    525Γûò             return $url;
    526Γûò         }
    527Γûò 
  Γ₧£ 528Γûò         throw new RouteNotFoundException("Route [{$name}] not defined.");
    529Γûò     }
    530Γûò 
    531Γûò     /**
    532Γûò      * Get the URL for a given route instance.

  1   vendor\laravel\framework\src\Illuminate\Routing\UrlGenerator.php:528
  2   vendor\laravel\framework\src\Illuminate\Foundation\helpers.php:870

  ΓöÇΓöÇΓöÇΓöÇΓöÇΓöÇΓöÇΓöÇΓöÇΓöÇΓöÇΓöÇΓöÇΓöÇΓöÇΓöÇΓöÇΓöÇΓöÇΓöÇΓöÇΓöÇΓöÇΓöÇΓöÇΓöÇΓöÇ  
  ΓÇª   RouteNotFoundException   
  Route [password.request] not defined.

  at vendor\laravel\framework\src\Illuminate\Routing\UrlGenerator.php:528
    524Γûò             ! is_null($url = call_user_func($this->missingNamedRouteResolver, $name, $parameters, $absolute))) {
    525Γûò             return $url;
    526Γûò         }
    527Γûò 
  Γ₧£ 528Γûò         throw new RouteNotFoundException("Route [{$name}] not defined.");
    529Γûò     }
    530Γûò 
    531Γûò     /**
    532Γûò      * Get the URL for a given route instance.

  1   vendor\laravel\framework\src\Illuminate\Routing\UrlGenerator.php:528
  2   vendor\laravel\framework\src\Illuminate\Foundation\helpers.php:870

  ΓöÇΓöÇΓöÇΓöÇΓöÇΓöÇΓöÇΓöÇΓöÇΓöÇΓöÇΓöÇΓöÇΓöÇΓöÇΓöÇΓöÇΓöÇΓöÇΓöÇΓöÇΓöÇΓöÇΓöÇΓöÇΓöÇΓöÇ  
  ΓÇª   RouteNotFoundException   
  Route [password.request] not defined.

  at vendor\laravel\framework\src\Illuminate\Routing\UrlGenerator.php:528
    524Γûò             ! is_null($url = call_user_func($this->missingNamedRouteResolver, $name, $parameters, $absolute))) {
    525Γûò             return $url;
    526Γûò         }
    527Γûò 
  Γ₧£ 528Γûò         throw new RouteNotFoundException("Route [{$name}] not defined.");
    529Γûò     }
    530Γûò 
    531Γûò     /**
    532Γûò      * Get the URL for a given route instance.

  1   vendor\laravel\framework\src\Illuminate\Routing\UrlGenerator.php:528
  2   vendor\laravel\framework\src\Illuminate\Foundation\helpers.php:870

  ΓöÇΓöÇΓöÇΓöÇΓöÇΓöÇΓöÇΓöÇΓöÇΓöÇΓöÇΓöÇΓöÇΓöÇΓöÇΓöÇΓöÇΓöÇΓöÇΓöÇΓöÇΓöÇΓöÇΓöÇΓöÇΓöÇΓöÇ  
  ΓÇª   RouteNotFoundException   
  Route [register] not defined.

  at vendor\laravel\framework\src\Illuminate\Routing\UrlGenerator.php:528
    524Γûò             ! is_null($url = call_user_func($this->missingNamedRouteResolver, $name, $parameters, $absolute))) {
    525Γûò             return $url;
    526Γûò         }
    527Γûò 
  Γ₧£ 528Γûò         throw new RouteNotFoundException("Route [{$name}] not defined.");
    529Γûò     }
    530Γûò 
    531Γûò     /**
    532Γûò      * Get the URL for a given route instance.

  1   vendor\laravel\framework\src\Illuminate\Routing\UrlGenerator.php:528
  2   vendor\laravel\framework\src\Illuminate\Foundation\helpers.php:870

  ΓöÇΓöÇΓöÇΓöÇΓöÇΓöÇΓöÇΓöÇΓöÇΓöÇΓöÇΓöÇΓöÇΓöÇΓöÇΓöÇΓöÇΓöÇΓöÇΓöÇΓöÇΓöÇΓöÇΓöÇΓöÇΓöÇΓöÇ  
  ΓÇª   RouteNotFoundException   
  Route [register.store] not defined.

  at vendor\laravel\framework\src\Illuminate\Routing\UrlGenerator.php:528
    524Γûò             ! is_null($url = call_user_func($this->missingNamedRouteResolver, $name, $parameters, $absolute))) {
    525Γûò             return $url;
    526Γûò         }
    527Γûò 
  Γ₧£ 528Γûò         throw new RouteNotFoundException("Route [{$name}] not defined.");
    529Γûò     }
    530Γûò 
    531Γûò     /**
    532Γûò      * Get the URL for a given route instance.

  1   vendor\laravel\framework\src\Illuminate\Routing\UrlGenerator.php:528
  2   vendor\laravel\framework\src\Illuminate\Foundation\helpers.php:870

  ΓöÇΓöÇΓöÇΓöÇΓöÇΓöÇΓöÇΓöÇΓöÇΓöÇΓöÇΓöÇΓöÇΓöÇΓöÇΓöÇΓöÇΓöÇΓöÇΓöÇΓöÇΓöÇΓöÇΓöÇΓöÇΓöÇΓöÇ  
   FAILED  Tests\Feature\AuΓÇª   
  Failed asserting that two strings are equal.

The following errors occurred during the last request:

These credentials do not match our records.

--- Expected
+++ Actual
@@ @@
-'http://localhost/two-factor-challenge'
+'http://localhost'

  at tests\Feature\Auth\TwoFactorChallengeTest.php:41
     37Γûò 
     38Γûò         $this->post(route('login.store'), [
     39Γûò             'email' => $user->email,
     40Γûò             'password' => 'password',
  Γ₧£  41Γûò         ])->assertRedirect(route('two-factor.login'));
     42Γûò     }
     43Γûò }
     44Γûò

  ΓöÇΓöÇΓöÇΓöÇΓöÇΓöÇΓöÇΓöÇΓöÇΓöÇΓöÇΓöÇΓöÇΓöÇΓöÇΓöÇΓöÇΓöÇΓöÇΓöÇΓöÇΓöÇΓöÇΓöÇΓöÇΓöÇΓöÇ  
   FAILED  Tests\Feature\ExΓÇª   
  Expected response status code [200] but received 302.
Failed asserting that 302 is identical to 200.

  at tests\Feature\ExampleTest.php:16
     12Γûò     public function test_returns_a_successful_response(): void
     13Γûò     {
     14Γûò         $response = $this->get(route('home'));
     15Γûò 
  Γ₧£  16Γûò         $response->assertOk();
     17Γûò     }
     18Γûò }
     19Γûò


  Tests:    10 failed, 23 passed (58 assertions)
  Duration: 29.48s

